targets this run: 401
Donley A/C & Plumbing                        MOBILE +16028706842
Silverado Rooter & Plumbing                  MOBILE +15204880673
Reliance Heating & Air Conditioning          MOBILE +14806035992
Bell Air Conditioning, LLC.                  no result (404)
Emergency Air Heating, Cooling and Plumbing  no result (404)
John's Heating, Cooling, and Plumbing        no result (404)
American Home Water & Air                    no result (404)
Alaskan Air Conditioning & Heating           no result (404)
Desert Diamond Air Cooling & Heating         no result (404)
ASAP Plumbing                                no result (404)
Scottsdale Air Heating & Cooling             no result (404)
The Plumber                                  no result (404)
Paragon Service Pros Heating and Air Conditi no result (404)
All American Air                             no result (404)
Vista Pros Heating & Cooling, Inc.           no result (404)
--- wave done 15/401 | {'match': 15, 'mobile': 3, 'other': 0, 'none': 12}
Superior Heating and Air Conditioning        MOBILE +19518307114
Family Air LLC                               MOBILE +15206310159
Hicken Air                                   MOBILE +19733675548
American Cooling And Heating                 MOBILE +13373802189
Goettl Air Conditioning and Plumbing - Phoen MOBILE +17734101730
Rite Way Heating, Cooling & Plumbing         other +17328103359ext1005
Collins Comfort Masters                      MOBILE +16029196024
Picture Rocks Cooling, Heating & Plumbing, L no result (404)
Air Central Heating & Cooling                no result (404)
Shamrock Heating & Cooling                   no result (404)
American Conditioned Air                     no result (404)
River Valley Air Conditioning, Inc.          no result (404)
Quick Refrigeration                          no result (404)
Action Plumbing Heating Air & Electric       no result (404)
Parker & Sons                                no result (404)
--- wave done 30/401 | {'match': 30, 'mobile': 9, 'other': 1, 'none': 20}
Just Better Air Conditioning and Heating LLC MOBILE +14805704794
A Quality HVAC and Plumbing Services LLC     MOBILE +16027610543
Benjamin Franklin Plumbing of Phoenix, AZ    MOBILE +14102279452
911 Air Repair                               other +14809009090
AZ Home Services Group AC Repair & Plumbing  no phone
Robins Plumbing, Inc                         MOBILE +13125689748
Bumble Bee Home Services                     no result (404)
The Plumber Guy                              no result (404)
Rescue One Air Cooling, Heating & Plumbing   no result (404)
Goettl's High Desert Mechanical              no result (404)
Drip Plumbing                                no result (404)
AirTime Cooling and Heating                  no result (404)
Perry Heating, Cooling and Plumbing          no result (404)
Wyman Plumbing & Mechanical LLC              no result (404)
--- wave done 45/401 | {'match': 45, 'mobile': 13, 'other': 2, 'none': 29}
Plumbers Near Me, LLC                        no phone
Tri-State A/C Hero                           no result (404)
Faucet Doctor Plumbing and HVAC Services     no result (404)
Al & Riley's Air Conditioning and Sheet Meta no result (404)
A Plus Plumbing                              no result (404)
Desert Water Plumbing and Rooter             no result (404)
AC Repair Near Me                            no result (404)
Bumble Bee Air Conditioning                  no result (404)
Assurance Plumbing and Heating               no result (404)
Plumbing by Jake                             no result (404)
Mountain View Air Conditioning & Heating, LL no result (404)
Fiscor Plumbing and Air                      no result (404)
--- wave done 60/401 | {'match': 60, 'mobile': 13, 'other': 2, 'none': 41}
A/C Rangers Heating & Cooling                no phone
Air Conditioning of Arizona                  MOBILE +14802627009
Thompson Family Plumbing and Drain           MOBILE +17606285145
Evans Air Conditioning & Heating             no result (404)
Air Care Cooling, Heating and Plumbing       no result (404)
Emergency Master Plumbing & Air              no result (404)
Champion Air                                 no result (404)
True North Air Conditioning                  no result (404)
Knockout Plumbing, LLC                       no result (404)
King Charles Plumbing & Air Conditioning     no result (404)
Economy Plumbing Service LLC                 no result (404)
A1 Air Conditioning & Heating LLC            no result (404)
Signature Heating, Cooling and Plumbing      no result (404)
HVAC Near Me                                 no result (404)
--- wave done 75/401 | {'match': 75, 'mobile': 15, 'other': 2, 'none': 53}
Froggy Fix LLC                               MOBILE +14808487675
Suttle Air                                   no phone
TAZ Plumbing                                 MOBILE +15204005228
Angry Pipe Plumbing Solutions, LLC.          MOBILE +14803181479
Arid Valley Plumbing                         MOBILE +16028193518
George Henry's Plumbing, Heating, & Cooling  no result (404)
Simon's Plumbing                             no result (404)
Mountainside Air Conditioning Repair         no result (404)
Simba Plumbing LLC                           no result (404)
Service General HVAC                         no result (404)
Summit Plumbing Pros LLC                     no result (404)
Quality Comfort Heating & Air                no result (404)
Rad Plumbing                                 no result (404)
Desert Husky HVAC/R Services                 no result (404)
Imperial Plumbing                            no result (404)
--- wave done 90/401 | {'match': 90, 'mobile': 19, 'other': 2, 'none': 64}
AZ Quality Plumbing LLC                      no phone
Tankless Pros Az                             MOBILE +19168324941
Desert Sun Heating, Cooling & Refrigeration  MOBILE +15203908454
Accurate Air                                 MOBILE +14809803895
Flush King Plumbing                          no result (404)
Juniors Plumbing LLC                         no result (404)
Patriotic Plumbing And Rooter                no result (404)
Alex & Bros Plumbing                         no result (404)
City Heating and Cooling LLC                 no result (404)
Premier Plumbing And Rooter                  no result (404)
Viking Heating and Air Conditioning          no result (404)
The Cooling & Plumbing Co                    no result (404)
Bianco Plumbing LLC                          no result (404)
ASAP Air Conditioning And Heating            no result (404)
Blue Plumbing and Drain Cleaning LLC         no result (404)
--- wave done 105/401 | {'match': 105, 'mobile': 22, 'other': 2, 'none': 76}
Just Air LLC                                 no phone
Cactus Plumbing And Air                      no result (404)
OX Plumbing Services LLC                     no result (404)
My Plumber Plumbing Services LLC             no result (404)
North Mechanical Heating & Air Conditioning  no result (404)
Oasis Air Conditioning & Heating             no result (404)
Dunn Plumbing and Drain Service LLC          no result (404)
1UP PLUMBING                                 no result (404)
Springs Plumbing                             no result (404)
Mesa Plumbing Co                             no result (404)
Sea Breeze Cooling                           no result (404)
Plumber Kings                                no result (404)
Harms Services                               no result (404)
Precise Air & Heating                        no result (404)
Pridemark Plumbing                           no result (404)
--- wave done 120/401 | {'match': 120, 'mobile': 22, 'other': 2, 'none': 91}
Moyer's Heating & Cooling Inc.               other +19282370838
ACE Home Services                            MOBILE +14807179339
Vertex Heating & Cooling                     other +14809159785
Authentic Plumbing, LLC                      other +16025412361
Aire Serv of North Central Arizona           no phone
Traceback (most recent call last):
  File "/Users/xanderwerner/Desktop/hvac/enrich_cells.py", line 226, in <module>
    main()
    ~~~~^^
  File "/Users/xanderwerner/Desktop/hvac/enrich_cells.py", line 187, in main
    res = api(f"webhook_result/{rec['phone_request_id']}")
  File "/Users/xanderwerner/Desktop/hvac/enrich_cells.py", line 57, in api
    return {"_error": "retries_exhausted", "_body": last}
                                                    ^^^^
UnboundLocalError: cannot access local variable 'last' where it is not associated with a value
targets this run: 361
Bell Air Conditioning, LLC.                  no result (retries_exhausted)
Emergency Air Heating, Cooling and Plumbing  no result (retries_exhausted)
John's Heating, Cooling, and Plumbing        no result (404)
American Home Water & Air                    no result (404)
Alaskan Air Conditioning & Heating           no result (404)
Desert Diamond Air Cooling & Heating         no result (404)
ASAP Plumbing                                no result (404)
Scottsdale Air Heating & Cooling             no result (404)
The Plumber                                  no result (404)
Paragon Service Pros Heating and Air Conditi no result (404)
All American Air                             no result (404)
Vista Pros Heating & Cooling, Inc.           no result (404)
Picture Rocks Cooling, Heating & Plumbing, L no result (404)
Air Central Heating & Cooling                no result (404)
Shamrock Heating & Cooling                   no result (404)
--- wave done 15/361 | {'match': 15, 'mobile': 0, 'other': 0, 'none': 15}
American Conditioned Air                     no result (404)
River Valley Air Conditioning, Inc.          no result (404)
Quick Refrigeration                          no result (404)
Action Plumbing Heating Air & Electric       no result (404)
Parker & Sons                                no result (404)
Bumble Bee Home Services                     no result (404)
The Plumber Guy                              no result (404)
Rescue One Air Cooling, Heating & Plumbing   no result (404)
Goettl's High Desert Mechanical              no result (404)
Drip Plumbing                                no result (404)
AirTime Cooling and Heating                  no result (404)
Perry Heating, Cooling and Plumbing          no result (404)
Wyman Plumbing & Mechanical LLC              no result (404)
Tri-State A/C Hero                           no result (404)
Faucet Doctor Plumbing and HVAC Services     no result (404)
--- wave done 30/361 | {'match': 30, 'mobile': 0, 'other': 0, 'none': 30}
Al & Riley's Air Conditioning and Sheet Meta no result (404)
A Plus Plumbing                              no result (404)
Desert Water Plumbing and Rooter             no result (404)
AC Repair Near Me                            no result (404)
Bumble Bee Air Conditioning                  no result (404)
Assurance Plumbing and Heating               no result (404)
Plumbing by Jake                             no result (404)
Mountain View Air Conditioning & Heating, LL no result (404)
Fiscor Plumbing and Air                      no result (404)
Evans Air Conditioning & Heating             no result (404)
