targets: 278
[1/278] Valley Heating, Cooling & Appliances       no roc match
[2/278] Alaskan Air Conditioning & Heating Tucson  Ronald Bott
[3/278] Aire Serv of E Glendale-Peoria             George Charles Van Liew III
[4/278] 1-800-PLUMBER +AIR                         no roc match
[5/278] Bruce's Air Conditioning                   Bruce Henry Flood
[6/278] Davis Plumbing & Drain                     no roc match
[7/278] Rainforest Plumbing & Air                  no roc match
[8/278] Ground Zero Plumbing, AC and Electrical -  Brian Schemp
[9/278] One Hour Heating & Air Conditioning® of Ki no roc match
[10/278] Mr. Rooter Plumbing of Tucson              Kendell Lee Ryan
[11/278] 100% Plumbing                              Ty Mont Stephenson
[12/278] GoodFellas Air Conditioning & Plumbing     no roc match
[13/278] Felix Appliance Heating & AC Repair        Robert Felix
[14/278] Mr. Rooter Plumbing of Yavapai, Coconino a Tim R Roth
[15/278] Efficient Air HVAC & Energy Solutions      Mark Thomas Buonincontro
[16/278] One Hour Heating & Air Conditioning® of Pr no roc match
[17/278] 1st Choice Plumbing, Air & Insulation      Ernesto Molina
[18/278] AZ Super Plumber - The Plumbing Store      Stephen Eugene Kain
[19/278] Maloney Plumbing & Drain Services in Phoen no roc match
[20/278] Benjamin Franklin Plumbing of Prescott     Dimitre Bobev
[21/278] Benjamin Franklin Plumbing of Mohave Count Dimitre Bobev
[22/278] Olive Air, Heating & AC Repair             Kenneth Wiley Olive
[23/278] Van Rooy Plumbing, Inc                     no roc match
[24/278] Air-zona Air Conditioning, Heating & Venti Kevin Patrick Garrity
[25/278] Dignity Plumbers Service & Water Softeners no roc match
[26/278] Zippity Split Plumbing, Drain Cleaning, an Mark Carrasco
[27/278] AirZona Heating & Cooling LLC / Zona Plumb Alejandro Bonillas
[28/278] Custom Plumbing of Arizona - Phoenix       Vincent Joseph Hils
[29/278] Rusty's Air Conditioning And Heating, Wate Rusty Dean Edwards
[30/278] Dynamic Comfort AC and Heating             Eric Sean Lawler
[31/278] Amigo Rooter & Plumbing Phoenix Arizona    Nelson Omar Salas Bazaldua
[32/278] FACT HVAC                                  Terry L Jauss
[33/278] Autocare Air Conditioning & Auto Repair    no roc match
[34/278] One Hour Air Conditioning & Heating of Sco Nader Antoine Khoury
[35/278] All Pro AC                                 Aaron N Joumas
[36/278] Roto-Rooter Plumbing & Water Cleanup       Brian Daniel Roeder
[37/278] Jobe & Sons Plumbing                       Stephen Ross Jobe
[38/278] ACS Air & Plumbing                         Carl T Aranda
[39/278] RCS Plumbing Heating Cooling               Bradley K Barker
[40/278] Ram Plumbing, Inc.                         no roc match
[41/278] MVP Plumbing                               Mark Alan Vedette
[42/278] Nichols Air Conditioning Specialists       no roc match
[43/278] Nichols Plumbing, Electrical, & HVAC       David Christian Nichols
[44/278] Connolly Electric & Mechanical             no roc match
[45/278] Prescott Valley Heating and Cooling LLC    no roc match
[46/278] Spartan Plumbing Solutions LLC             Glen Davidson
[47/278] SG Mechanical Heating & Air                Brandon Andrew Delise
[48/278] DR Plumbing | Plumbers Marana              Daniel Angel Arriaga
[49/278] AC Medic Heating & Air                     no roc match
[50/278] TSC Air                                    no roc match
[51/278] Martin Air HVAC                            Jacob Martin
[52/278] Instant Plumbing and Rooter                no roc match
[53/278] Plumber of Tucson                          Don Robert Paz
[54/278] Somers Plumbers - Phoenix Plumbing Company David John Somers
[55/278] Temco AC Repair & Replacement              Marshall Kent Dennington
[56/278] P3 Plumbing AZ                             Devin Michael Peterson
[57/278] T.C.R. Rooter and Plumbing Repair          no roc match
[58/278] Eagle Air AC Repair                        Aaron Moreno Izquierdo
[59/278] A.S.G. Plumbing Enterprises Tucson         Steven Boyd Atwood
[60/278] Jorge's Plumbing LLC                       Jorge Luis Carbajal
[61/278] All Aloha Plumbing Phoenix                 Deven Tells
[62/278] Drain Medics - No-Dig Sewer Repair         Austin James Sanchez
[63/278] Roto-Rooter Plumbing Yuma - 24/7           Brian Daniel Roeder
[64/278] Struse Plumbing & Air Inc                  Daniel Struse
[65/278] Jobe & Sons Plumbing- Northwest            Stephen Ross Jobe
[66/278] Pineapple Air Heating & Cooling            no roc match
[67/278] Rooter Ready and Plumbing Solutions        Jeffrey Michael Stanley
[68/278] Mission Accomplished Heating and Cooling   Brian Lewis Christenson
[69/278] Gabriel's Air Care LLC Arizona Demolition  Edith B Uriarte Perez
[70/278] A/C ExperTek Service and Installation      Luis Covarrubias
[71/278] PHD Plumbing                               no roc match
[72/278] Wood's Plumbing Enterprises LLC            Steven Vanderstyne
[73/278] America’s Home Services Of Chandler        James Thomas Nealy
[74/278] All Drains Emergency Plumbing              Norma Arreola Amaya
[75/278] HVAC Heating & Cooling LLC                 no roc match
[76/278] Baxter Brothers Plumbing                   no roc match
[77/278] Travis & Sons Plumbing & Rooter            Cody Howard
[78/278] Saguaro Plumbing And Air Of Tempe          no roc match
[79/278] Arizona Best Plumbers                      no roc match
[80/278] POP Plumbing LLC - Glendale                Steven Lane Hall
[81/278] Advanced Automotive & Air Ride             no roc match
[82/278] Liberty Tradesmen                          no roc match
[83/278] Cobra Plumbing LLC                         Jerome David Weichmann
[84/278] First Opinion HVAC LLC                     Thomas Wyrick
[85/278] America’s Home Services Of Gilbert         James Thomas Nealy
[86/278] Air Duct Dynasty                           no roc match
[87/278] Corazon Air - Aire Acondicionado y Calefac no roc match
[88/278] Johnson Family Plumber & HVAC              no roc match
[89/278] Alvarado's Heating and Cooling, Avondale   Concepcion Alvarado
[90/278] Stanley & Sons Heating & Cooling Company   no roc match
[91/278] Truelove Plumbing                          no roc match
[92/278] Arizona Cooling Company                    no roc match
[93/278] America’s Home Services Of Glendale        no roc match
[94/278] Innovative Air Queen Creek                 no roc match
[95/278] Allen Family Plumbing & HVAC               no roc match
[96/278] AC and Refrigeration (AC, Heating, Refrige Curtis Krieger
[97/278] E.R. Tankless & Plumbing                   Roland G Iovescu
[98/278] Magics Auto Ac & Hose LLc                  no roc match
[99/278] AC by Sam LLC                              Samir Morina
[100/278] Techcool AC Repair Scottsdale              no roc match
[101/278] Affordable Plumber AZ LLC                  no roc match
[102/278] Core Comfort HVAC                          no roc match
[103/278] Arizona VIP Plumbing Sewer & Fire Protecti William Nickolas Masche
[104/278] Hunter Brothers Heating & AC               no roc match
[105/278] Charlie Hall's Wrangler Plumbing           no roc match
[106/278] AZ AIRCOND LLC -Cooling Heating Plumbing   Richard Paul McClure
[107/278] Auto Air Conditioning Repair Shop          no roc match
[108/278] Proforce Plumbing Sewer & Drain            no roc match
[109/278] E & S Plumbing Services                    Israel Sierra
[110/278] Simpson Plumbing LLC                       JUSTIN SIMPSON
[111/278] Comstock Air                               Marshal Lee Henry
[112/278] Precision Plumber Buckeye                  no roc match
[113/278] Kia's Air Conditioning / stop by #1        Kia T Lam
[114/278] Carter & Sons HVAC & Plumbing LLC          Kenneth Wayne Carter
[115/278] PT Plumbing Casa Grande                    no roc match
[116/278] ChillTek AC Repair                         no roc match
[117/278] AARO Enterprises, HVAC Contractor          no roc match
[118/278] Aarow Plumbing Inc                         no roc match
[119/278] Cooler Tymes - Formerly Hart Heating and C Michael Greco
[120/278] 24/7 Craig Plumbing Bullhead City AZ       Charles R Eckberg
[121/278] HOWLAIR Air Conditioning & Heating HVAC    no roc match
[122/278] Major HVAC l.l.c                           Hydie Leah Pfeiffer
[123/278] Drain Solutions and Plumbing Service       Mark Steininger
[124/278] Foothills Air Conditioning                 Donna Marie Martens
[125/278] Prospector Plumbing and Septic pumping , A no roc match
[126/278] Next Plumbing & Heating                    Luca Kaloshi
[127/278] Davis Brothers Heating & Air Conditioning  Jesse Colbran Davis
[128/278] Dub's Plumbing Services                    Harold R DuBois
[129/278] Executive Heating & Air Conditioning       Joshua Louis serna
[130/278] Marco's Mam Plumbing & Repair              Robert B Steiner
[131/278] AC Air conditioning & Heating              Caleb John Howarth
[132/278] Your Phoenix HVAC                          no roc match
[133/278] Oak Creek Heating & Cooling                Brian Dale Leslie
[134/278] Roto-Rooter Sewer & Drain Service          MICHAEL Gordon WHITE
[135/278] One Shot Installation Electrical, Plumbing Maria Ramos
[136/278] Airtronics Air Conditioning & Heating      no roc match
[137/278] Scottsdale AC Pros - AC Repair and AC Repl Geoffrey Clinton Blay
[138/278] Vertical Plumbing Goodyear                 no roc match
[139/278] High Efficiency Air Conditioning Inc.      no roc match
[140/278] Air Solutions                              no roc match
[141/278] Northland Plumbing                         Kevin Greg Fowler
[142/278] Plumbers Crack Plumbing                    no roc match
[143/278] ZonAir AC Repair Tempe                     no roc match
[144/278] Davidson Plumbing & Heating, LLC           Christopher Lee Davidson
[145/278] Arizona Sewer Solution Plumbing and Drain  no roc match
[146/278] San Tan Valley Emergency Plumbing          no roc match
[147/278] Endivo Plumbing                            no roc match
[148/278] Arizona EZ AC                              no roc match
[149/278] Lynlee Plumbing                            no roc match
[150/278] A & C Plumbing Concepts, Inc.              Jason Thomas Kimbrough
[151/278] Jonez Contracting & Handyman Service       no roc match
[152/278] halls plumbing                             Jeffrey A Hallsten
[153/278] United Plumbers Tempe                      no roc match
[154/278] Configuration Air LLC                      Danny Montana
[155/278] Phoenician Plumbing LLC                    no roc match
[156/278] Gateway Heating & Cooling LLC              Danjee Jon Moser
[157/278] Discount Plumbing Pros                     no roc match
[158/278] Maricopa Mountain Plumbing                 no roc match
[159/278] Prime AC Repair Phoenix                    Craig John Comerford
[160/278] OneCall Plumber Scottsdale                 no roc match
[161/278] Quality Pumping Septic Services            no roc match
[162/278] Felix Appliance Heating & Air in Casa Gran Robert Felix
[163/278] Ez AC Repair Scottsdale                    Lorena Nunez
[164/278] A&M Refrigeration LLC                      Jayden F Sotello
[165/278] The Son's Plumbing Service                 no roc match
[166/278] AZ Home Services Group AC Repair & Plumbin Oded Cohen
[167/278] Rush Air Conditioning & Refrigeration, LLC Oscar Osuna
[168/278] Briggs Air Conditioning Heating & Refriger no roc match
[169/278] New Plumbing Phoenix                       no roc match
[170/278] Bullhead Plumbing Inc.                     Michael J Brannan
[171/278] Gate HVAC Repair System                    jaime a lucero
[172/278] A A Action Plumbing Co                     Johnny Melvin Swenson
[173/278] Affordable HVAC maintenance Casa Grande    Donald Von Tatham Sr
[174/278] Cool Breeze AC Repair Surprise AZ          Courtney Christine Allison
[175/278] Quality Refrigeration Supply LLC           no roc match
[176/278] AC/DC Design and Fabrication               Dylan Michael Cosgray
[177/278] Plumbing & Electrical Concepts             no roc match
[178/278] Penn-Tek                                   gregory pennington
[179/278] Professional AC Repair Peoria              Omar Xavier Perez
[180/278] Glendale HVAC Contractor Pro LLC           no roc match
[181/278] P&R Plumbing Services And Air LLC          Joseph Leo Duchene III
[182/278] SunPeak AC Repair Buckeye                  no roc match
[183/278] Kaylormade Plumbing - Emergency Plumber    no roc match
[184/278] HighPeak Prescott HVAC Repair              no roc match
[185/278] Liberty Plumbing - Flagstaff               no roc match
[186/278] Affordable Avondale AC Repair              no roc match
[187/278] Prescott Valley HVAC Repair Proline        Timothy David Griego
[188/278] Steve Dick AC LLC                          Steven Dickison
[189/278] Avery Plumbing Inc                         Brent Avery Neel
[190/278] High Country Plumbing                      Frederick Willia Kienitz
[191/278] Roto-Rooter Show Low - Septic & Drain Clea Brian Daniel Roeder
[192/278] Hoosier Plumbing Company - Maricopa, AZ    no roc match
[193/278] Laba Plumbing                              robert laba
[194/278] Reliable AC Repair Maricopa                Jose G. Flores
[195/278] Expert Plumber Glendale                    no roc match
[196/278] Best Plumbing Goodyear AZ                  no roc match
[197/278] Lake Havasu City Heating & Air Conditionin Bart Francis Wolterman
[198/278] Trusted Chandler HVAC Repair               no roc match
[199/278] Master Plumbing Gilbert AZ                 no roc match
[200/278] HomeFix HVAC Masters                       no roc match
[201/278] Lakeland Advanced Climate Control          no roc match
[202/278] D&M Construction, Electrical, & Plumbing   Dennis Edward Roderick Sr
[203/278] Plumbing Buckeye Sol                       no roc match
[204/278] Catalyst Heating Service                   JOHN KIAH BROWN
[205/278] Hughes Supply Buckeye                      no roc match
[206/278] Avondale Plumbing & Drain Services Exp     no roc match
[207/278] Aaa Affordable AC                          no roc match
[208/278] Tempe Professional Plumbing                Joseph L Aponte Jr
[209/278] Tite Plumbing Glendale                     no roc match
[210/278] Phoenix HVAC Repair Authority              Jason Forrest
[211/278] Jennings Handyman & Roof Repair            no roc match
[212/278] Ginco Plumbing & Excavating                no roc match
[213/278] Peoria Plumbing & Drain                    no roc match
[214/278] AC Repair Near Me Of Scottsdale            Oded Cohen
[215/278] Bud's Plumbing                             Melvin James Sands
[216/278] Plumbing, Drain & Sewer Pros               no roc match
[217/278] Goodyear Plumbing & Piping                 no roc match
[218/278] Pro Plumbers Surprise                      no roc match
[219/278] Boreal HVAC Service                        Joseph I Quense
[220/278] Top Tier Plumbing LLC                      Matthew Kartchner
[221/278] HALTOM & SON'S CONTRACTING - General Contr William Haltom
[222/278] Surprise Plumber and Handyman              no roc match
[223/278] Sierra Sewer & Drain Services              no roc match
[224/278] Camdeton Air Conditioning & Heating        no roc match
[225/278] Steve Ash Plumbing                         Steven Hash
[226/278] Air Conditioning AZ Inc                    Reynaldo Ivan Molina
[227/278] Jimco Air Duct Repair Service              no roc match
[228/278] Prescott Valley Heating & Air Conditioning no roc match
[229/278] HVAC Near Me Repair and Installation of Pe MELIA HILL
[230/278] Responsive Plumber Peoria                  no roc match
[231/278] Goodyear Plumbing & Sewer                  no roc match
[232/278] General Contracting and Electrical Service no roc match
[233/278] Show Low Plumbing LLC                      Doyle Dirk Hancock
[234/278] Inferno Heating Refrigeration & HVAC Flags no roc match
[235/278] Kin Plumbing Gilbert                       no roc match
[236/278] Air Conditioning Champ                     no roc match
[237/278] ProFab Heating & Cooling                   Seth Michael Disert
[238/278] Right Pro Cool & Heat                      Eric Jeffrey Skeens
[239/278] AC Repair Near Me of Peoria                Oded Cohen
[240/278] Success Air Duct Service LLC               no roc match
[241/278] HVAC Near Me Repair and Installation of Sc MELIA HILL
[242/278] Grande AC & Heating Repair Inc.            no roc match
[243/278] Sedona Verde Valley Plumbing               no roc match
[244/278] Affordable Hometown Plumbing               no roc match
[245/278] NAZY plumbing                              Scott John Olek
[246/278] Glendale Plumbing Experts                  no roc match
[247/278] Elite HVAC Repair Scottsdale               Anthony Borquez
[248/278] HVAC Near Me Repair And Installation Of Te Oded Cohen
[249/278] Universal HVAC Repair Buckeye AZ           Tony Gomez Montes
[250/278] American Plumber                           no roc match
[251/278] Heaven Bound Plumbing                      no roc match
[252/278] Platinum Tempe Plumbing Experts            no roc match
[253/278] El Mirage AC Repair                        no roc match
[254/278] Stefick Plumbing and Drain                 no roc match
[255/278] Connolly Heating & Cooling                 Guy H Whetstone
[256/278] Heating & Cooling                          Ricardo Quintero
[257/278] Max Performance Heating & AC Repair        no roc match
[258/278] Expert Plumbers of Queen Creek             no roc match
[259/278] Northshore Plumbing                        no roc match
[260/278] Timberline Heating And Air Conditioning    no roc match
[261/278] AZ Home Services Group AC Repair & Plumbin Oded Cohen
[262/278] Apache Junction Plumber                    George Lee Russell
[263/278] Harvey Plumbing, Inc.                      Gary Lester Harvey
[264/278] Hvac Supplies                              Donald E Judkins
[265/278] The Plumbing Company                       michael wiersma
[266/278] Dennis Kotterman Plumbing Inc              Joshua Wayne Kotterman
[267/278] Ace Air Duct Services                      no roc match
[268/278] Roto-Rooter Plumbing & Drain Cleaning      MICHAEL Gordon WHITE
[269/278] Supreme HVAC/Duct Serives                  no roc match
[270/278] AC Repair Near Me of Phoenix               Oded Cohen
[271/278] AC Repair Near Me of Tempe                 Oded Cohen
[272/278] AC Repair Near Me of Goodyear              Oded Cohen
[273/278] HVAC Near Me Repair and Installation of Go MELIA HILL
[274/278] AC Repair Near Me of Gilbert               Oded Cohen
[275/278] Desert Plumbing Of Buckeye                 no roc match
[276/278] Casa Grande Air Conditioning & Heating     Kenneth Charles Nelson
[277/278] Gardner Heating & Refrigeration Inc.       Wallace Cade Gardner
[278/278] Bill's Evaporative Cooler Services         William Miles Griffin Jr
FINISHED_ROC hits=183/278
