[step1] starting: 94 targets | credits used so far: 3/700
[1/94] White Mountain Heating & Cooling LLC.    MOBILE (928) 368-7644
[2/94] Ken Muncy Air Conditioning               MOBILE (480) 206-8092
[3/94] Air Maintenance Heating & Cooling        MOBILE (520) 406-8025  <-- COMPANY NAME MISMATCH, verify before using
[4/94] Agape Air Heating & Cooling              MOBILE (772) 321-7663
[5/94] Picture Rocks Cooling, Heating & Plumbin MOBILE (407) 463-2468  <-- COMPANY NAME MISMATCH, verify before using
[6/94] John's Heating, Cooling, and Plumbing    MOBILE (602) 451-3211  <-- COMPANY NAME MISMATCH, verify before using
[7/94] Action Plumbing Heating Air & Electric   MOBILE (903) 935-7741  <-- COMPANY NAME MISMATCH, verify before using
[8/94] Honest Air Inc.                          SUSPECT (mobile withheld)  <-- SUSPECT: email domain 'honestairconditioning.biz' != company domain 'honestairconditioning.net', DO NOT USE without manual check
[9/94] Boyer Heating & Cooling                  MOBILE (928) 853-6605  <-- COMPANY NAME MISMATCH, verify before using
[10/94] Goettl's High Desert Mechanical          MOBILE (505) 977-5982
[11/94] Aire Serv of North Central Arizona       MOBILE (254) 523-3600  <-- COMPANY NAME MISMATCH, verify before using
[12/94] Comfort Systems of Arizona LLC           MOBILE (928) 699-8803  <-- COMPANY NAME MISMATCH, verify before using
[13/94] Indian Air                               SUSPECT (mobile withheld)  <-- SUSPECT: email domain 'indianair.net' != company domain 'indianair.com', DO NOT USE without manual check
[14/94] Shamrock Heating & Cooling               MOBILE (480) 245-0301  <-- COMPANY NAME MISMATCH, verify before using
[15/94] Smiley Plumbing                          MOBILE (925) 382-2338
  --- credit check: 18/700 used (15 spent this run, expected ~15) ---
[16/94] B & J Refrigeration Inc. - Heating and C MOBILE (520) 247-8343  <-- COMPANY NAME MISMATCH, verify before using
[17/94] North Mechanical Heating and Cooling     MOBILE (928) 468-9400
[18/94] Bumble Bee Home Services                 MOBILE (602) 380-8490  <-- COMPANY NAME MISMATCH, verify before using
[19/94] The Plumber Guy                          MOBILE (480) 316-3651
[20/94] Desert Diamond Air Cooling & Heating     SUSPECT (mobile withheld)  <-- SUSPECT: email domain 'desertdiamondair.com' != company domain 'desertdiamondhvac.com', DO NOT USE without manual check
[21/94] Wyman Plumbing & Mechanical LLC          MOBILE (623) 551-6688
[22/94] Tri-State A/C Hero                       MOBILE (928) 444-6780
[23/94] All American Air                         MOBILE (843) 575-8120
[24/94] Bumble Bee Air Conditioning              MOBILE (480) 567-2863
[25/94] Mountain View Air Conditioning & Heating MOBILE (520) 490-9667
[26/94] Fiscor Plumbing and Air                  SUSPECT (mobile withheld)  <-- SUSPECT: email domain 'callfiscor.com' != company domain 'fiscorhvac.com', DO NOT USE without manual check
[27/94] Air Care Cooling, Heating and Plumbing   MOBILE (314) 585-8919  <-- COMPANY NAME MISMATCH, verify before using
[28/94] George Henry's Plumbing, Heating, & Cool MOBILE (928) 951-5988  <-- COMPANY NAME MISMATCH, verify before using
[29/94] Suttle Air                               MOBILE (715) 210-5150
[30/94] Desert Husky HVAC/R Services             MOBILE (520) 415-8200
  --- credit check: 33/700 used (30 spent this run, expected ~30) ---
[31/94] Viking Heating and Air Conditioning      MOBILE (480) 648-6404  <-- COMPANY NAME MISMATCH, verify before using
[32/94] Bianco Plumbing LLC                      MOBILE (602) 291-2090
[33/94] ASAP Air Conditioning And Heating        MOBILE (813) 633-1087
[34/94] Cactus Plumbing And Air                  MOBILE (910) 364-8744
[35/94] 1UP PLUMBING                             MOBILE (734) 776-7849
[36/94] Mesa Plumbing Co                         SUSPECT (mobile withheld)  <-- SUSPECT: email domain 'mesaplumbingco.com' != company domain 'mesaplumbingcompany.com', DO NOT USE without manual check
[37/94] Affordable Plumbing, Rooter and Water He MOBILE (602) 206-7290
[38/94] The Cool Guy                             MOBILE (480) 532-9294
[39/94] Master Rooter                            SUSPECT (mobile withheld)  <-- SUSPECT: email domain 'masterrooteraz.com' != company domain 'masterrooter.co', DO NOT USE without manual check
[40/94] A/C Experts                              MOBILE (843) 599-8848  <-- COMPANY NAME MISMATCH, verify before using
[41/94] Falcon Air Conditioning                  MOBILE (480) 510-8227
[42/94] Platinum Air Heating & Cooling, LLC      MOBILE (512) 554-3984
[43/94] Qual-Tech Air Conditioning and Heating   MOBILE (623) 451-8191  <-- COMPANY NAME MISMATCH, verify before using
[44/94] Nothing But Water Heaters                MOBILE (323) 404-1588
[45/94] Streamline Plumbing AZ                   SUSPECT (mobile withheld)  <-- SUSPECT: email domain 'streamlineplumbing.org' != company domain 'streamlineplumbingnow.com', DO NOT USE without manual check
  --- credit check: 48/700 used (45 spent this run, expected ~45) ---
[46/94] EcoEnergy Solutions                      MOBILE (928) 920-6031
[47/94] R.E.D. Plumbing Inc.                     MOBILE (928) 237-6375  <-- COMPANY NAME MISMATCH, verify before using
[48/94] American Plumbing and Rooter             SUSPECT (mobile withheld)  <-- SUSPECT: email domain 'americanplumbingaz.business.site' != company domain 'americanplumbingaz.com', DO NOT USE without manual check
[49/94] bluefrog Plumbing and Drain of Gilbert   MOBILE (404) 375-5900  <-- COMPANY NAME MISMATCH, verify before using
[50/94] Dinosaur Plumbing                        MOBILE (520) 358-3021
[51/94] M&R Refrigeration - AC Repair            MOBILE (904) 304-0530  <-- COMPANY NAME MISMATCH, verify before using
[52/94] Roto-Rooter Plumbing Drain Services      SUSPECT (mobile withheld)  <-- SUSPECT: email domain 'rotorootercorp.com' != company domain 'rotorooter.com', DO NOT USE without manual check
[53/94] Garrett Plumbing Inc.                    MOBILE (248) 363-9406
[54/94] Arizona Elite Plumbing                   MOBILE (520) 982-3671
[55/94] Pruitt's Plumbing, LLC                   MOBILE (623) 261-4463
[56/94] Gold Canyon Plumbing                     MOBILE (480) 217-7174
[57/94] Master Mechanical                        MOBILE (602) 402-8675
[58/94] Bee Plumbing                             MOBILE (602) 380-8490
[59/94] Mercury Air Conditioning & Heating       MOBILE (727) 271-9175  <-- COMPANY NAME MISMATCH, verify before using
[60/94] Prescott Heating & Cooling               SUSPECT (mobile withheld)  <-- SUSPECT: email domain 'pvhac.com' != company domain 'prescottheatingandcooling.com', DO NOT USE without manual check
  --- credit check: 62/700 used (59 spent this run, expected ~60) ---
[61/94] First West Servicing Corp                MOBILE (403) 870-1520  <-- COMPANY NAME MISMATCH, verify before using
[62/94] Pueblo Mechanical & Controls             MOBILE (480) 825-6403
[63/94] Service Plus Inc.                        MOBILE (928) 380-8400  <-- COMPANY NAME MISMATCH, verify before using
[64/94] Russett Southwest Corporation            MOBILE (520) 850-7323
[65/94] Sunstate Plumbing, Inc                   MOBILE (623) 687-5601
[66/94] Christian Brothers A/C, Plumbing & Elect MOBILE (623) 203-1952  <-- COMPANY NAME MISMATCH, verify before using
[67/94] Ellsworth Air and Plumbing               MOBILE (480) 828-9717  <-- COMPANY NAME MISMATCH, verify before using
[68/94] Aire Serv of E Glendale-Peoria           MOBILE (254) 523-3600  <-- COMPANY NAME MISMATCH, verify before using
[69/94] Davis Plumbing & Drain                   MOBILE (615) 828-3472
[70/94] Rainforest Plumbing & Air                MOBILE (480) 980-5077
[71/94] Mr. Rooter Plumbing of Tucson            MOBILE (757) 810-8885
[72/94] Mr. Rooter Plumbing of Yavapai, Coconino MOBILE (757) 810-8885
[73/94] Van Rooy Plumbing, Inc                   MOBILE (928) 486-0549
[74/94] Zippity Split Plumbing, Drain Cleaning,  SUSPECT (mobile withheld)  <-- SUSPECT: email domain 'zippitysplit.com' != company domain 'zippitysplitplumbing.com', DO NOT USE without manual check
[75/94] Custom Plumbing of Arizona - Phoenix     MOBILE (480) 815-0012
  --- credit check: 75/700 used (72 spent this run, expected ~75) ---
[76/94] Dynamic Comfort AC and Heating           MOBILE (716) 696-2722
[77/94] Roto-Rooter Plumbing & Water Cleanup     SUSPECT (mobile withheld)  <-- SUSPECT: email domain 'rotorootercorp.com' != company domain 'rotorooter.com', DO NOT USE without manual check
[78/94] ACS Air & Plumbing                       MOBILE (480) 229-9997  <-- COMPANY NAME MISMATCH, verify before using
[79/94] Nichols Air Conditioning Specialists     MOBILE (520) 977-0157
[80/94] AC Medic Heating & Air                   MOBILE (626) 253-5598  <-- COMPANY NAME MISMATCH, verify before using
[81/94] TSC Air                                  MOBILE (602) 762-0469
[82/94] Roto-Rooter Plumbing Yuma - 24/7         SUSPECT (mobile withheld)  <-- SUSPECT: email domain 'rotorootercorp.com' != company domain 'rotorooter.com', DO NOT USE without manual check
[83/94] Pineapple Air Heating & Cooling          MOBILE (480) 560-5869
[84/94] HVAC Heating & Cooling LLC               MOBILE (559) 978-8962  <-- COMPANY NAME MISMATCH, verify before using
[85/94] PT Plumbing Casa Grande                  SUSPECT (mobile withheld)  <-- SUSPECT: email domain 'ptplumbing.us' != company domain 'ptplumbingarizona.com', DO NOT USE without manual check
[86/94] Cooler Tymes - Formerly Hart Heating and MOBILE (701) 609-1754
[87/94] Executive Heating & Air Conditioning     MOBILE (928) 220-0515
[88/94] Briggs Air Conditioning Heating & Refrig MOBILE (602) 595-0099  <-- COMPANY NAME MISMATCH, verify before using
[89/94] Penn-Tek                                 MOBILE (520) 508-4861
[90/94] Top Tier Plumbing LLC                    MOBILE (618) 231-0731
  --- credit check: 88/700 used (85 spent this run, expected ~90) ---
[91/94] Heating & Cooling                        MOBILE (708) 788-3212  <-- COMPANY NAME MISMATCH, verify before using
[92/94] Harvey Plumbing, Inc.                    MOBILE (520) 405-7617
[93/94] The Plumbing Company                     MOBILE (708) 788-3212  <-- COMPANY NAME MISMATCH, verify before using
[94/94] Roto-Rooter Plumbing & Drain Cleaning    SUSPECT (mobile withheld)  <-- SUSPECT: email domain 'rotorootercorp.com' != company domain 'rotorooter.com', DO NOT USE without manual check

[step1] FINISHED - 79 mobiles found | credits used this run: 86 | total used: 89/700
